2025/11/01 15:00:20 INFO  : Starting bandwidth limiter at 2Mi Byte/s
Usage:
  rclone copy source:path dest:path [flags]

Flags:
      --create-empty-src-dirs   Create empty source dirs on destination after copy
  -h, --help                    help for copy

Use "rclone [command] --help" for more information about a command.
Use "rclone help flags" for to see the global flags.
Use "rclone help backends" for a list of supported services.
Command copy needs 2 arguments maximum: you provided 6 non flag arguments: ["/home/pi/picar-x/logs/2025-11-01_grayscale.csv" "/home/pi/picar-x/logs/2025-11-01_grayscale_state.csv" "/home/pi/picar-x/logs/2025-11-01_tts.csv" "/home/pi/picar-x/logs/2025-11-01_ultrasonic.csv" "/home/pi/picar-x/logs/2025-11-01_*.csv" "gdrive:RobotCar_M2/logs/2025-11-01/"]
2025/11/03 22:33:05 INFO  : Starting bandwidth limiter at 2Mi Byte/s
2025/11/03 22:33:07 INFO  : 2025-11-01_tts.csv: Copied (new)
2025/11/03 22:33:07 INFO  : 2025-11-01_grayscale_state.csv: Copied (new)
2025/11/03 22:33:07 INFO  : 2025-11-01_grayscale.csv: Copied (new)
2025/11/03 22:33:08 INFO  : 2025-11-01_ultrasonic.csv: Copied (new)
2025/11/03 22:33:08 INFO  : 
Transferred:   	    3.563 KiB / 3.563 KiB, 100%, 3.562 KiB/s, ETA 0s
Transferred:            4 / 4, 100%
Elapsed time:         2.8s

Uploaded files for 2025-11-01 to gdrive:RobotCar_M2/logs/2025-11-01
