2025/11/01 14:42:43 INFO  : Starting bandwidth limiter at 2Mi Byte/s
2025/11/01 14:42:44 ERROR : Local file system at /home/pi/picar-x/logs/2025-10-31_*.csv: error reading source root directory: directory not found
2025/11/01 14:42:44 ERROR : Attempt 1/3 failed with 1 errors and: directory not found
2025/11/01 14:42:45 ERROR : Local file system at /home/pi/picar-x/logs/2025-10-31_*.csv: error reading source root directory: directory not found
2025/11/01 14:42:45 ERROR : Attempt 2/3 failed with 1 errors and: directory not found
2025/11/01 14:42:45 ERROR : Local file system at /home/pi/picar-x/logs/2025-10-31_*.csv: error reading source root directory: directory not found
2025/11/01 14:42:45 ERROR : Attempt 3/3 failed with 1 errors and: directory not found
2025/11/01 14:42:45 INFO  : 
Transferred:   	          0 B / 0 B, -, 0 B/s, ETA -
Errors:                 1 (retrying may help)
Elapsed time:         1.7s

2025/11/01 14:42:45 Failed to copy: directory not found
2025/11/01 14:50:24 INFO  : Starting bandwidth limiter at 2Mi Byte/s
2025/11/01 14:50:25 ERROR : Local file system at /home/pi/picar-x/logs/2025-10-31_*.csv: error reading source root directory: directory not found
2025/11/01 14:50:25 ERROR : Attempt 1/3 failed with 1 errors and: directory not found
2025/11/01 14:50:25 ERROR : Local file system at /home/pi/picar-x/logs/2025-10-31_*.csv: error reading source root directory: directory not found
2025/11/01 14:50:25 ERROR : Attempt 2/3 failed with 1 errors and: directory not found
2025/11/01 14:50:25 ERROR : Local file system at /home/pi/picar-x/logs/2025-10-31_*.csv: error reading source root directory: directory not found
2025/11/01 14:50:25 ERROR : Attempt 3/3 failed with 1 errors and: directory not found
2025/11/01 14:50:25 INFO  : 
Transferred:   	          0 B / 0 B, -, 0 B/s, ETA -
Errors:                 1 (retrying may help)
Elapsed time:         1.6s

2025/11/01 14:50:25 Failed to copy: directory not found
2025/11/01 14:53:59 INFO  : Starting bandwidth limiter at 2Mi Byte/s
2025/11/01 14:54:01 ERROR : Local file system at /home/pi/picar-x/logs/2025-10-31_*.csv: error reading source root directory: directory not found
2025/11/01 14:54:01 ERROR : Attempt 1/3 failed with 1 errors and: directory not found
2025/11/01 14:54:01 ERROR : Local file system at /home/pi/picar-x/logs/2025-10-31_*.csv: error reading source root directory: directory not found
2025/11/01 14:54:01 ERROR : Attempt 2/3 failed with 1 errors and: directory not found
2025/11/01 14:54:01 ERROR : Local file system at /home/pi/picar-x/logs/2025-10-31_*.csv: error reading source root directory: directory not found
2025/11/01 14:54:01 ERROR : Attempt 3/3 failed with 1 errors and: directory not found
2025/11/01 14:54:01 INFO  : 
Transferred:   	          0 B / 0 B, -, 0 B/s, ETA -
Errors:                 1 (retrying may help)
Elapsed time:         1.7s

2025/11/01 14:54:01 Failed to copy: directory not found
2025/11/01 14:55:42 INFO  : Starting bandwidth limiter at 2Mi Byte/s
2025/11/01 14:55:44 ERROR : Local file system at /home/pi/picar-x/logs/2025-10-31_*.csv: error reading source root directory: directory not found
2025/11/01 14:55:44 ERROR : Attempt 1/3 failed with 1 errors and: directory not found
2025/11/01 14:55:44 ERROR : Local file system at /home/pi/picar-x/logs/2025-10-31_*.csv: error reading source root directory: directory not found
2025/11/01 14:55:44 ERROR : Attempt 2/3 failed with 1 errors and: directory not found
2025/11/01 14:55:44 ERROR : Local file system at /home/pi/picar-x/logs/2025-10-31_*.csv: error reading source root directory: directory not found
2025/11/01 14:55:44 ERROR : Attempt 3/3 failed with 1 errors and: directory not found
2025/11/01 14:55:44 INFO  : 
Transferred:   	          0 B / 0 B, -, 0 B/s, ETA -
Errors:                 1 (retrying may help)
Elapsed time:         1.8s

2025/11/01 14:55:44 Failed to copy: directory not found
2025/11/01 14:56:52 INFO  : Starting bandwidth limiter at 2Mi Byte/s
2025/11/01 14:56:53 ERROR : Local file system at /home/pi/picar-x/logs/2025-10-31_*.csv: error reading source root directory: directory not found
2025/11/01 14:56:53 ERROR : Attempt 1/3 failed with 1 errors and: directory not found
2025/11/01 14:56:53 ERROR : Local file system at /home/pi/picar-x/logs/2025-10-31_*.csv: error reading source root directory: directory not found
2025/11/01 14:56:53 ERROR : Attempt 2/3 failed with 1 errors and: directory not found
2025/11/01 14:56:53 ERROR : Local file system at /home/pi/picar-x/logs/2025-10-31_*.csv: error reading source root directory: directory not found
2025/11/01 14:56:53 ERROR : Attempt 3/3 failed with 1 errors and: directory not found
2025/11/01 14:56:53 INFO  : 
Transferred:   	          0 B / 0 B, -, 0 B/s, ETA -
Errors:                 1 (retrying may help)
Elapsed time:         1.6s

2025/11/01 14:56:53 Failed to copy: directory not found
